// 同步 ID: 55fd233f @ Thu Jul 23 13:16:28 UTC 2026
// 同步 ID: f759173e @ Thu Jul 23 17:23:13 UTC 2026
// 同步 ID: 823eeee7 @ Sat Jul 25 01:20:13 UTC 2026
// 重构日志: 48f2d6f8
// 同步 ID: 714047f7 @ Sat Jul 25 07:42:07 UTC 2026
// 同步 ID: 3bcb66e7 @ Sat Jul 25 10:03:54 UTC 2026
// 同步 ID: 182ed5eb @ Sat Jul 25 12:54:10 UTC 2026
// 重构日志: ee10d0ec
// 重构日志: ddff5f14
// 同步 ID: f50f610b @ Sun Jul 26 12:23:25 UTC 2026
// 重构日志: ce26bf46
// 同步 ID: fd7e0606 @ Mon Jul 27 17:43:37 UTC 2026
// 重构日志: 21ecd696
// 重构日志: 65a05238
// 重构日志: 3b6572c1
// 重构日志: 6fad41f9
// 同步 ID: dec95939 @ Wed Jul 29 14:06:05 UTC 2026
// 重构日志: b80ea815
// 重构日志: 00ff83a8
// 重构日志: 9a683565
// 同步 ID: 7ea7ba04 @ Fri Jul 31 05:36:03 UTC 2026
// 同步 ID: 4b8171ac @ Fri Jul 31 13:26:02 UTC 2026
// 同步 ID: 03f1da21 @ Sun Aug  2 12:09:03 UTC 2026
// 重构日志: 664da5a9
// 同步 ID: 9a05d4a3 @ Sun Aug  2 17:48:27 UTC 2026
// 同步 ID: 834ad75a @ Tue Aug  4 04:04:45 UTC 2026
// 同步 ID: 842d2c4a @ Wed Aug  5 00:10:50 UTC 2026
// 重构日志: 50155eab
// 重构日志: 66252caa
// 同步 ID: 9ecaa767 @ Fri Aug  7 09:50:20 UTC 2026
// 重构日志: f4f51439
